2026-08-26T09:04:20.238+02:00  INFO 20424 --- [restartedMain] c.g.giardini.GiardiniApplication         : Starting GiardiniApplication using Java 25.0.3 with PID 20424 (C:\Users\arche\Desktop\ProjectWork\giardini\giardini\target\classes started by arche in C:\Users\arche\Desktop\ProjectWork\giardini\giardini)
2026-08-26T09:04:20.253+02:00  INFO 20424 --- [restartedMain] c.g.giardini.GiardiniApplication         : No active profile set, falling back to 1 default profile: "default"
2026-08-26T09:04:20.340+02:00  INFO 20424 --- [restartedMain] .e.DevToolsPropertyDefaultsPostProcessor : Devtools property defaults active! Set 'spring.devtools.add-properties' to 'false' to disable
2026-08-26T09:04:20.340+02:00  INFO 20424 --- [restartedMain] .e.DevToolsPropertyDefaultsPostProcessor : For additional web related logging consider setting the 'logging.level.web' property to 'DEBUG'
2026-08-26T09:04:21.954+02:00  INFO 20424 --- [restartedMain] .s.d.r.c.RepositoryConfigurationDelegate : Bootstrapping Spring Data JPA repositories in DEFAULT mode.
2026-08-26T09:04:22.159+02:00  INFO 20424 --- [restartedMain] .s.d.r.c.RepositoryConfigurationDelegate : Finished Spring Data repository scanning in 184 ms. Found 6 JPA repository interfaces.
2026-08-26T09:04:23.701+02:00  INFO 20424 --- [restartedMain] o.s.boot.tomcat.TomcatWebServer          : Tomcat initialized with port 8080 (http)
2026-08-26T09:04:23.743+02:00  INFO 20424 --- [restartedMain] o.apache.catalina.core.StandardService   : Starting service [Tomcat]
2026-08-26T09:04:23.745+02:00  INFO 20424 --- [restartedMain] o.apache.catalina.core.StandardEngine    : Starting Servlet engine: [Apache Tomcat/11.0.22]
2026-08-26T09:04:23.844+02:00  INFO 20424 --- [restartedMain] b.w.c.s.WebApplicationContextInitializer : Root WebApplicationContext: initialization completed in 3503 ms
2026-08-26T09:04:24.354+02:00  INFO 20424 --- [restartedMain] com.zaxxer.hikari.HikariDataSource       : HikariPool-1 - Starting...
2026-08-26T09:04:24.734+02:00  INFO 20424 --- [restartedMain] com.zaxxer.hikari.pool.HikariPool        : HikariPool-1 - Added connection com.mysql.cj.jdbc.ConnectionImpl@37f6807d
2026-08-26T09:04:24.739+02:00  INFO 20424 --- [restartedMain] com.zaxxer.hikari.HikariDataSource       : HikariPool-1 - Start completed.
2026-08-26T09:04:24.800+02:00  INFO 20424 --- [restartedMain] org.flywaydb.core.FlywayExecutor         : Database: jdbc:mysql://localhost:3306/gestionale_giardiniere?useSSL=false&serverTimezone=UTC (MySQL 8.0)
2026-08-26T09:04:24.983+02:00  INFO 20424 --- [restartedMain] o.f.core.internal.command.DbValidate     : Successfully validated 3 migrations (execution time 00:00.064s)
2026-08-26T09:04:25.008+02:00  INFO 20424 --- [restartedMain] o.f.core.internal.command.DbMigrate      : Current version of schema `gestionale_giardiniere`: 3
2026-08-26T09:04:25.016+02:00  INFO 20424 --- [restartedMain] o.f.core.internal.command.DbMigrate      : Schema `gestionale_giardiniere` is up to date. No migration necessary.
2026-08-26T09:04:25.195+02:00  INFO 20424 --- [restartedMain] org.hibernate.orm.jpa                    : HHH008540: Processing PersistenceUnitInfo [name: default]
2026-08-26T09:04:25.369+02:00  INFO 20424 --- [restartedMain] org.hibernate.orm.core                   : HHH000001: Hibernate ORM core version 7.4.1.Final
2026-08-26T09:04:26.088+02:00  INFO 20424 --- [restartedMain] o.s.o.j.p.SpringPersistenceUnitInfo      : No LoadTimeWeaver setup: ignoring JPA class transformer
2026-08-26T09:04:26.231+02:00  INFO 20424 --- [restartedMain] org.hibernate.orm.connections.pooling    : HHH10001005: Database info:
	Database JDBC URL [jdbc:mysql://localhost:3306/gestionale_giardiniere?useSSL=false&serverTimezone=UTC]
	Database driver: MySQL Connector/J
	Database dialect: MySQLDialect
	Database version: 8.0.46
	Default catalog/schema: gestionale_giardiniere/undefined
	Autocommit mode: undefined/unknown
	Isolation level: REPEATABLE_READ [default REPEATABLE_READ]
	JDBC fetch size: none
	Pool: DataSourceConnectionProvider
	Minimum pool size: undefined/unknown
	Maximum pool size: undefined/unknown
2026-08-26T09:04:27.874+02:00  INFO 20424 --- [restartedMain] org.hibernate.orm.core                   : HHH000489: No JTA platform available (set 'hibernate.transaction.jta.platform' to enable JTA platform integration)
2026-08-26T09:04:27.972+02:00  INFO 20424 --- [restartedMain] j.LocalContainerEntityManagerFactoryBean : Initialized JPA EntityManagerFactory for persistence unit 'default'
2026-08-26T09:04:28.145+02:00  INFO 20424 --- [restartedMain] o.s.d.j.r.query.QueryEnhancerFactories   : Hibernate is in classpath; If applicable, HQL parser will be used.
2026-08-26T09:04:29.786+02:00  WARN 20424 --- [restartedMain] JpaBaseConfiguration$JpaWebConfiguration : spring.jpa.open-in-view is enabled by default. Therefore, database queries may be performed during view rendering. Explicitly configure spring.jpa.open-in-view to disable this warning
2026-08-26T09:04:30.004+02:00  INFO 20424 --- [restartedMain] r$InitializeUserDetailsManagerConfigurer : Global AuthenticationManager configured with UserDetailsService bean with name customUserDetailsService
2026-08-26T09:04:30.875+02:00  INFO 20424 --- [restartedMain] o.s.boot.tomcat.TomcatWebServer          : Tomcat started on port 8080 (http) with context path '/'
2026-08-26T09:04:30.886+02:00  INFO 20424 --- [restartedMain] c.g.giardini.GiardiniApplication         : Started GiardiniApplication in 11.315 seconds (process running for 12.12)
2026-08-26T09:04:31.003+02:00 DEBUG 20424 --- [restartedMain] org.hibernate.SQL                        : select u1_0.id_utente,u1_0.attivo,u1_0.cognome,u1_0.email,u1_0.guest,u1_0.indirizzo,u1_0.nome,u1_0.password,u1_0.ruolo,u1_0.telefono from utente u1_0
2026-08-26T09:04:42.041+02:00  INFO 20424 --- [http-nio-8080-exec-1] o.a.c.c.C.[Tomcat].[localhost].[/]       : Initializing Spring DispatcherServlet 'dispatcherServlet'
2026-08-26T09:04:42.041+02:00  INFO 20424 --- [http-nio-8080-exec-1] o.s.web.servlet.DispatcherServlet        : Initializing Servlet 'dispatcherServlet'
2026-08-26T09:04:42.043+02:00  INFO 20424 --- [http-nio-8080-exec-1] o.s.web.servlet.DispatcherServlet        : Completed initialization in 2 ms
2026-08-26T09:04:42.097+02:00 DEBUG 20424 --- [http-nio-8080-exec-1] org.hibernate.SQL                        : select s1_0.id_servizio,s1_0.attivo,s1_0.descrizione,s1_0.minuti_al_mq,s1_0.nome,s1_0.prezzo_al_mq from servizio s1_0
2026-08-26T09:04:42.110+02:00 DEBUG 20424 --- [http-nio-8080-exec-1] org.hibernate.SQL                        : select r1_0.id_recensione,r1_0.commento,r1_0.data_recensione,r1_0.id_prenotazione,r1_0.voto from recensione r1_0
2026-08-26T09:04:42.135+02:00 DEBUG 20424 --- [http-nio-8080-exec-1] org.hibernate.SQL                        : select p1_0.id_prenotazione,p1_0.data_intervento,p1_0.indirizzo,p1_0.id_preventivo,p1_0.stato from prenotazione p1_0 where p1_0.id_prenotazione=?
2026-08-26T09:04:42.136+02:00 TRACE 20424 --- [http-nio-8080-exec-1] org.hibernate.orm.jdbc.bind              : binding parameter (1:BIGINT) <- [3]
2026-08-26T09:04:42.146+02:00 DEBUG 20424 --- [http-nio-8080-exec-1] org.hibernate.SQL                        : select p1_0.id_preventivo,p1_0.costo_stimato,p1_0.data_emissione,p1_0.data_intervento,p1_0.data_scadenza,p1_0.descrizione,p1_0.indirizzo,p1_0.stato,p1_0.superficie_mq,p1_0.id_utente from preventivo p1_0 where p1_0.id_preventivo=?
2026-08-26T09:04:42.148+02:00 TRACE 20424 --- [http-nio-8080-exec-1] org.hibernate.orm.jdbc.bind              : binding parameter (1:BIGINT) <- [3]
2026-08-26T09:04:42.153+02:00 DEBUG 20424 --- [http-nio-8080-exec-1] org.hibernate.SQL                        : select u1_0.id_utente,u1_0.attivo,u1_0.cognome,u1_0.email,u1_0.guest,u1_0.indirizzo,u1_0.nome,u1_0.password,u1_0.ruolo,u1_0.telefono from utente u1_0 where u1_0.id_utente=?
2026-08-26T09:04:42.154+02:00 TRACE 20424 --- [http-nio-8080-exec-1] org.hibernate.orm.jdbc.bind              : binding parameter (1:BIGINT) <- [4]
2026-08-26T09:04:42.156+02:00 DEBUG 20424 --- [http-nio-8080-exec-1] org.hibernate.SQL                        : select p1_0.id_prenotazione,p1_0.data_intervento,p1_0.indirizzo,p1_0.id_preventivo,p1_0.stato from prenotazione p1_0 where p1_0.id_prenotazione=?
2026-08-26T09:04:42.157+02:00 TRACE 20424 --- [http-nio-8080-exec-1] org.hibernate.orm.jdbc.bind              : binding parameter (1:BIGINT) <- [5]
2026-08-26T09:04:42.161+02:00 DEBUG 20424 --- [http-nio-8080-exec-1] org.hibernate.SQL                        : select p1_0.id_preventivo,p1_0.costo_stimato,p1_0.data_emissione,p1_0.data_intervento,p1_0.data_scadenza,p1_0.descrizione,p1_0.indirizzo,p1_0.stato,p1_0.superficie_mq,p1_0.id_utente from preventivo p1_0 where p1_0.id_preventivo=?
2026-08-26T09:04:42.161+02:00 TRACE 20424 --- [http-nio-8080-exec-1] org.hibernate.orm.jdbc.bind              : binding parameter (1:BIGINT) <- [5]
2026-08-26T09:04:42.164+02:00 DEBUG 20424 --- [http-nio-8080-exec-1] org.hibernate.SQL                        : select u1_0.id_utente,u1_0.attivo,u1_0.cognome,u1_0.email,u1_0.guest,u1_0.indirizzo,u1_0.nome,u1_0.password,u1_0.ruolo,u1_0.telefono from utente u1_0 where u1_0.id_utente=?
2026-08-26T09:04:42.165+02:00 TRACE 20424 --- [http-nio-8080-exec-1] org.hibernate.orm.jdbc.bind              : binding parameter (1:BIGINT) <- [6]
2026-08-26T09:04:42.167+02:00 DEBUG 20424 --- [http-nio-8080-exec-1] org.hibernate.SQL                        : select p1_0.id_prenotazione,p1_0.data_intervento,p1_0.indirizzo,p1_0.id_preventivo,p1_0.stato from prenotazione p1_0 where p1_0.id_prenotazione=?
2026-08-26T09:04:42.168+02:00 TRACE 20424 --- [http-nio-8080-exec-1] org.hibernate.orm.jdbc.bind              : binding parameter (1:BIGINT) <- [8]
2026-08-26T09:04:42.171+02:00 DEBUG 20424 --- [http-nio-8080-exec-1] org.hibernate.SQL                        : select p1_0.id_preventivo,p1_0.costo_stimato,p1_0.data_emissione,p1_0.data_intervento,p1_0.data_scadenza,p1_0.descrizione,p1_0.indirizzo,p1_0.stato,p1_0.superficie_mq,p1_0.id_utente from preventivo p1_0 where p1_0.id_preventivo=?
2026-08-26T09:04:42.172+02:00 TRACE 20424 --- [http-nio-8080-exec-1] org.hibernate.orm.jdbc.bind              : binding parameter (1:BIGINT) <- [8]
2026-08-26T09:04:42.174+02:00 DEBUG 20424 --- [http-nio-8080-exec-1] org.hibernate.SQL                        : select u1_0.id_utente,u1_0.attivo,u1_0.cognome,u1_0.email,u1_0.guest,u1_0.indirizzo,u1_0.nome,u1_0.password,u1_0.ruolo,u1_0.telefono from utente u1_0 where u1_0.id_utente=?
2026-08-26T09:04:42.176+02:00 TRACE 20424 --- [http-nio-8080-exec-1] org.hibernate.orm.jdbc.bind              : binding parameter (1:BIGINT) <- [9]
2026-08-26T09:04:42.179+02:00 DEBUG 20424 --- [http-nio-8080-exec-1] org.hibernate.SQL                        : select p1_0.id_prenotazione,p1_0.data_intervento,p1_0.indirizzo,p1_0.id_preventivo,p1_0.stato from prenotazione p1_0 where p1_0.id_prenotazione=?
2026-08-26T09:04:42.179+02:00 TRACE 20424 --- [http-nio-8080-exec-1] org.hibernate.orm.jdbc.bind              : binding parameter (1:BIGINT) <- [10]
2026-08-26T09:04:42.181+02:00 DEBUG 20424 --- [http-nio-8080-exec-1] org.hibernate.SQL                        : select p1_0.id_preventivo,p1_0.costo_stimato,p1_0.data_emissione,p1_0.data_intervento,p1_0.data_scadenza,p1_0.descrizione,p1_0.indirizzo,p1_0.stato,p1_0.superficie_mq,p1_0.id_utente from preventivo p1_0 where p1_0.id_preventivo=?
2026-08-26T09:04:42.182+02:00 TRACE 20424 --- [http-nio-8080-exec-1] org.hibernate.orm.jdbc.bind              : binding parameter (1:BIGINT) <- [11]
2026-08-26T09:04:42.185+02:00 DEBUG 20424 --- [http-nio-8080-exec-1] org.hibernate.SQL                        : select u1_0.id_utente,u1_0.attivo,u1_0.cognome,u1_0.email,u1_0.guest,u1_0.indirizzo,u1_0.nome,u1_0.password,u1_0.ruolo,u1_0.telefono from utente u1_0 where u1_0.id_utente=?
2026-08-26T09:04:42.185+02:00 TRACE 20424 --- [http-nio-8080-exec-1] org.hibernate.orm.jdbc.bind              : binding parameter (1:BIGINT) <- [11]
2026-08-26T09:05:16.831+02:00 DEBUG 20424 --- [http-nio-8080-exec-8] org.hibernate.SQL                        : select u1_0.id_utente,u1_0.attivo,u1_0.cognome,u1_0.email,u1_0.guest,u1_0.indirizzo,u1_0.nome,u1_0.password,u1_0.ruolo,u1_0.telefono from utente u1_0 where upper(u1_0.email)=upper(?)
2026-08-26T09:05:16.832+02:00 TRACE 20424 --- [http-nio-8080-exec-8] org.hibernate.orm.jdbc.bind              : binding parameter (1:VARCHAR) <- [admin@giardiniere.it]
2026-08-26T09:05:16.934+02:00 DEBUG 20424 --- [http-nio-8080-exec-9] org.hibernate.SQL                        : select u1_0.id_utente,u1_0.attivo,u1_0.cognome,u1_0.email,u1_0.guest,u1_0.indirizzo,u1_0.nome,u1_0.password,u1_0.ruolo,u1_0.telefono from utente u1_0 limit ?,?
2026-08-26T09:05:16.935+02:00 TRACE 20424 --- [http-nio-8080-exec-9] org.hibernate.orm.jdbc.bind              : binding parameter (1:INTEGER) <- [0]
2026-08-26T09:05:16.935+02:00 TRACE 20424 --- [http-nio-8080-exec-9] org.hibernate.orm.jdbc.bind              : binding parameter (2:INTEGER) <- [5]
2026-08-26T09:05:16.946+02:00 DEBUG 20424 --- [http-nio-8080-exec-9] org.hibernate.SQL                        : select count(u1_0.id_utente) from utente u1_0
2026-08-26T09:05:16.952+02:00 DEBUG 20424 --- [http-nio-8080-exec-9] org.hibernate.SQL                        : select p1_0.id_preventivo,p1_0.costo_stimato,p1_0.data_emissione,p1_0.data_intervento,p1_0.data_scadenza,p1_0.descrizione,p1_0.indirizzo,p1_0.stato,p1_0.superficie_mq,p1_0.id_utente from preventivo p1_0 limit ?,?
2026-08-26T09:05:16.955+02:00 TRACE 20424 --- [http-nio-8080-exec-9] org.hibernate.orm.jdbc.bind              : binding parameter (1:INTEGER) <- [0]
2026-08-26T09:05:16.955+02:00 TRACE 20424 --- [http-nio-8080-exec-9] org.hibernate.orm.jdbc.bind              : binding parameter (2:INTEGER) <- [5]
2026-08-26T09:05:16.960+02:00 DEBUG 20424 --- [http-nio-8080-exec-9] org.hibernate.SQL                        : select count(p1_0.id_preventivo) from preventivo p1_0
2026-08-26T09:05:16.967+02:00 DEBUG 20424 --- [http-nio-8080-exec-9] org.hibernate.SQL                        : select d1_0.id_preventivo,d1_0.id_dettaglio,d1_0.quantita,d1_0.id_servizio from dettaglio_preventivo d1_0 where d1_0.id_preventivo=?
2026-08-26T09:05:16.968+02:00 TRACE 20424 --- [http-nio-8080-exec-9] org.hibernate.orm.jdbc.bind              : binding parameter (1:BIGINT) <- [1]
2026-08-26T09:05:16.975+02:00 DEBUG 20424 --- [http-nio-8080-exec-9] org.hibernate.SQL                        : select s1_0.id_servizio,s1_0.attivo,s1_0.descrizione,s1_0.minuti_al_mq,s1_0.nome,s1_0.prezzo_al_mq from servizio s1_0 where s1_0.id_servizio=?
2026-08-26T09:05:16.976+02:00 TRACE 20424 --- [http-nio-8080-exec-9] org.hibernate.orm.jdbc.bind              : binding parameter (1:BIGINT) <- [1]
2026-08-26T09:05:16.977+02:00 DEBUG 20424 --- [http-nio-8080-exec-9] org.hibernate.SQL                        : select d1_0.id_preventivo,d1_0.id_dettaglio,d1_0.quantita,d1_0.id_servizio from dettaglio_preventivo d1_0 where d1_0.id_preventivo=?
2026-08-26T09:05:16.979+02:00 TRACE 20424 --- [http-nio-8080-exec-9] org.hibernate.orm.jdbc.bind              : binding parameter (1:BIGINT) <- [2]
2026-08-26T09:05:16.981+02:00 DEBUG 20424 --- [http-nio-8080-exec-9] org.hibernate.SQL                        : select s1_0.id_servizio,s1_0.attivo,s1_0.descrizione,s1_0.minuti_al_mq,s1_0.nome,s1_0.prezzo_al_mq from servizio s1_0 where s1_0.id_servizio=?
2026-08-26T09:05:16.982+02:00 TRACE 20424 --- [http-nio-8080-exec-9] org.hibernate.orm.jdbc.bind              : binding parameter (1:BIGINT) <- [2]
2026-08-26T09:05:16.985+02:00 DEBUG 20424 --- [http-nio-8080-exec-9] org.hibernate.SQL                        : select d1_0.id_preventivo,d1_0.id_dettaglio,d1_0.quantita,d1_0.id_servizio from dettaglio_preventivo d1_0 where d1_0.id_preventivo=?
2026-08-26T09:05:16.986+02:00 TRACE 20424 --- [http-nio-8080-exec-9] org.hibernate.orm.jdbc.bind              : binding parameter (1:BIGINT) <- [3]
2026-08-26T09:05:16.989+02:00 DEBUG 20424 --- [http-nio-8080-exec-9] org.hibernate.SQL                        : select s1_0.id_servizio,s1_0.attivo,s1_0.descrizione,s1_0.minuti_al_mq,s1_0.nome,s1_0.prezzo_al_mq from servizio s1_0 where s1_0.id_servizio=?
2026-08-26T09:05:16.989+02:00 TRACE 20424 --- [http-nio-8080-exec-9] org.hibernate.orm.jdbc.bind              : binding parameter (1:BIGINT) <- [3]
2026-08-26T09:05:16.991+02:00 DEBUG 20424 --- [http-nio-8080-exec-9] org.hibernate.SQL                        : select d1_0.id_preventivo,d1_0.id_dettaglio,d1_0.quantita,d1_0.id_servizio from dettaglio_preventivo d1_0 where d1_0.id_preventivo=?
2026-08-26T09:05:16.992+02:00 TRACE 20424 --- [http-nio-8080-exec-9] org.hibernate.orm.jdbc.bind              : binding parameter (1:BIGINT) <- [4]
2026-08-26T09:05:16.995+02:00 DEBUG 20424 --- [http-nio-8080-exec-9] org.hibernate.SQL                        : select s1_0.id_servizio,s1_0.attivo,s1_0.descrizione,s1_0.minuti_al_mq,s1_0.nome,s1_0.prezzo_al_mq from servizio s1_0 where s1_0.id_servizio=?
2026-08-26T09:05:16.996+02:00 TRACE 20424 --- [http-nio-8080-exec-9] org.hibernate.orm.jdbc.bind              : binding parameter (1:BIGINT) <- [4]
2026-08-26T09:05:16.997+02:00 DEBUG 20424 --- [http-nio-8080-exec-9] org.hibernate.SQL                        : select d1_0.id_preventivo,d1_0.id_dettaglio,d1_0.quantita,d1_0.id_servizio from dettaglio_preventivo d1_0 where d1_0.id_preventivo=?
2026-08-26T09:05:16.999+02:00 TRACE 20424 --- [http-nio-8080-exec-9] org.hibernate.orm.jdbc.bind              : binding parameter (1:BIGINT) <- [5]
2026-08-26T09:05:17.001+02:00 DEBUG 20424 --- [http-nio-8080-exec-9] org.hibernate.SQL                        : select u1_0.id_utente,u1_0.attivo,u1_0.cognome,u1_0.email,u1_0.guest,u1_0.indirizzo,u1_0.nome,u1_0.password,u1_0.ruolo,u1_0.telefono from utente u1_0 where u1_0.id_utente=?
2026-08-26T09:05:17.002+02:00 TRACE 20424 --- [http-nio-8080-exec-9] org.hibernate.orm.jdbc.bind              : binding parameter (1:BIGINT) <- [6]
2026-08-26T09:05:17.008+02:00 DEBUG 20424 --- [http-nio-8080-exec-9] org.hibernate.SQL                        : select p1_0.id_prenotazione,p1_0.data_intervento,p1_0.indirizzo,p1_0.id_preventivo,p1_0.stato from prenotazione p1_0 limit ?,?
2026-08-26T09:05:17.009+02:00 TRACE 20424 --- [http-nio-8080-exec-9] org.hibernate.orm.jdbc.bind              : binding parameter (1:INTEGER) <- [0]
2026-08-26T09:05:17.009+02:00 TRACE 20424 --- [http-nio-8080-exec-9] org.hibernate.orm.jdbc.bind              : binding parameter (2:INTEGER) <- [5]
2026-08-26T09:05:17.013+02:00 DEBUG 20424 --- [http-nio-8080-exec-9] org.hibernate.SQL                        : select r1_0.id_recensione,r1_0.commento,r1_0.data_recensione,r1_0.id_prenotazione,r1_0.voto from recensione r1_0 where r1_0.id_prenotazione=?
2026-08-26T09:05:17.015+02:00 TRACE 20424 --- [http-nio-8080-exec-9] org.hibernate.orm.jdbc.bind              : binding parameter (1:BIGINT) <- [1]
2026-08-26T09:05:17.017+02:00 DEBUG 20424 --- [http-nio-8080-exec-9] org.hibernate.SQL                        : select r1_0.id_recensione,r1_0.commento,r1_0.data_recensione,r1_0.id_prenotazione,r1_0.voto from recensione r1_0 where r1_0.id_prenotazione=?
2026-08-26T09:05:17.019+02:00 TRACE 20424 --- [http-nio-8080-exec-9] org.hibernate.orm.jdbc.bind              : binding parameter (1:BIGINT) <- [2]
2026-08-26T09:05:17.020+02:00 DEBUG 20424 --- [http-nio-8080-exec-9] org.hibernate.SQL                        : select r1_0.id_recensione,r1_0.commento,r1_0.data_recensione,r1_0.id_prenotazione,r1_0.voto from recensione r1_0 where r1_0.id_prenotazione=?
2026-08-26T09:05:17.021+02:00 TRACE 20424 --- [http-nio-8080-exec-9] org.hibernate.orm.jdbc.bind              : binding parameter (1:BIGINT) <- [3]
2026-08-26T09:05:17.024+02:00 DEBUG 20424 --- [http-nio-8080-exec-9] org.hibernate.SQL                        : select r1_0.id_recensione,r1_0.commento,r1_0.data_recensione,r1_0.id_prenotazione,r1_0.voto from recensione r1_0 where r1_0.id_prenotazione=?
2026-08-26T09:05:17.025+02:00 TRACE 20424 --- [http-nio-8080-exec-9] org.hibernate.orm.jdbc.bind              : binding parameter (1:BIGINT) <- [4]
2026-08-26T09:05:17.026+02:00 DEBUG 20424 --- [http-nio-8080-exec-9] org.hibernate.SQL                        : select r1_0.id_recensione,r1_0.commento,r1_0.data_recensione,r1_0.id_prenotazione,r1_0.voto from recensione r1_0 where r1_0.id_prenotazione=?
2026-08-26T09:05:17.028+02:00 TRACE 20424 --- [http-nio-8080-exec-9] org.hibernate.orm.jdbc.bind              : binding parameter (1:BIGINT) <- [5]
2026-08-26T09:05:17.031+02:00 DEBUG 20424 --- [http-nio-8080-exec-9] org.hibernate.SQL                        : select count(p1_0.id_prenotazione) from prenotazione p1_0
2026-08-26T09:05:17.052+02:00 DEBUG 20424 --- [http-nio-8080-exec-9] org.hibernate.SQL                        : select r1_0.id_recensione,p1_0.id_prenotazione,u1_0.email,r1_0.voto,r1_0.commento,r1_0.data_recensione from recensione r1_0 join prenotazione p1_0 on p1_0.id_prenotazione=r1_0.id_prenotazione join preventivo p2_0 on p2_0.id_preventivo=p1_0.id_preventivo join utente u1_0 on u1_0.id_utente=p2_0.id_utente limit ?
2026-08-26T09:05:17.053+02:00 TRACE 20424 --- [http-nio-8080-exec-9] org.hibernate.orm.jdbc.bind              : binding parameter (1:INTEGER) <- [5]
2026-08-26T09:08:01.678+02:00  INFO 20424 --- [File Watcher] rtingClassPathChangeChangedEventListener : Restarting due to 1 class path change (0 additions, 0 deletions, 1 modification)
2026-08-26T09:08:01.685+02:00  INFO 20424 --- [Thread-1] o.s.boot.tomcat.GracefulShutdown         : Commencing graceful shutdown. Waiting for active requests to complete
2026-08-26T09:08:01.698+02:00  INFO 20424 --- [tomcat-shutdown] o.s.boot.tomcat.GracefulShutdown         : Graceful shutdown complete
2026-08-26T09:08:01.704+02:00  INFO 20424 --- [Thread-1] j.LocalContainerEntityManagerFactoryBean : Closing JPA EntityManagerFactory for persistence unit 'default'
2026-08-26T09:08:01.708+02:00  INFO 20424 --- [Thread-1] com.zaxxer.hikari.HikariDataSource       : HikariPool-1 - Shutdown initiated...
2026-08-26T09:08:01.724+02:00  INFO 20424 --- [Thread-1] com.zaxxer.hikari.HikariDataSource       : HikariPool-1 - Shutdown completed.
2026-08-26T09:08:01.908+02:00  INFO 20424 --- [restartedMain] c.g.giardini.GiardiniApplication         : Starting GiardiniApplication using Java 25.0.3 with PID 20424 (C:\Users\arche\Desktop\ProjectWork\giardini\giardini\target\classes started by arche in C:\Users\arche\Desktop\ProjectWork\giardini\giardini)
2026-08-26T09:08:01.910+02:00  INFO 20424 --- [restartedMain] c.g.giardini.GiardiniApplication         : No active profile set, falling back to 1 default profile: "default"
2026-08-26T09:08:02.356+02:00  INFO 20424 --- [restartedMain] .s.d.r.c.RepositoryConfigurationDelegate : Bootstrapping Spring Data JPA repositories in DEFAULT mode.
2026-08-26T09:08:02.409+02:00  INFO 20424 --- [restartedMain] .s.d.r.c.RepositoryConfigurationDelegate : Finished Spring Data repository scanning in 49 ms. Found 6 JPA repository interfaces.
2026-08-26T09:08:02.576+02:00  INFO 20424 --- [restartedMain] o.s.boot.tomcat.TomcatWebServer          : Tomcat initialized with port 8080 (http)
2026-08-26T09:08:02.577+02:00  INFO 20424 --- [restartedMain] o.apache.catalina.core.StandardService   : Starting service [Tomcat]
2026-08-26T09:08:02.578+02:00  INFO 20424 --- [restartedMain] o.apache.catalina.core.StandardEngine    : Starting Servlet engine: [Apache Tomcat/11.0.22]
2026-08-26T09:08:02.630+02:00  INFO 20424 --- [restartedMain] b.w.c.s.WebApplicationContextInitializer : Root WebApplicationContext: initialization completed in 710 ms
2026-08-26T09:08:02.731+02:00  INFO 20424 --- [restartedMain] com.zaxxer.hikari.HikariDataSource       : HikariPool-2 - Starting...
2026-08-26T09:08:02.744+02:00  INFO 20424 --- [restartedMain] com.zaxxer.hikari.pool.HikariPool        : HikariPool-2 - Added connection com.mysql.cj.jdbc.ConnectionImpl@71d69731
2026-08-26T09:08:02.745+02:00  INFO 20424 --- [restartedMain] com.zaxxer.hikari.HikariDataSource       : HikariPool-2 - Start completed.
2026-08-26T09:08:02.747+02:00  INFO 20424 --- [restartedMain] org.flywaydb.core.FlywayExecutor         : Database: jdbc:mysql://localhost:3306/gestionale_giardiniere?useSSL=false&serverTimezone=UTC (MySQL 8.0)
2026-08-26T09:08:02.787+02:00  INFO 20424 --- [restartedMain] o.f.core.internal.command.DbValidate     : Successfully validated 3 migrations (execution time 00:00.013s)
2026-08-26T09:08:02.803+02:00  INFO 20424 --- [restartedMain] o.f.core.internal.command.DbMigrate      : Current version of schema `gestionale_giardiniere`: 3
2026-08-26T09:08:02.806+02:00  INFO 20424 --- [restartedMain] o.f.core.internal.command.DbMigrate      : Schema `gestionale_giardiniere` is up to date. No migration necessary.
2026-08-26T09:08:02.843+02:00  INFO 20424 --- [restartedMain] org.hibernate.orm.jpa                    : HHH008540: Processing PersistenceUnitInfo [name: default]
2026-08-26T09:08:02.951+02:00  INFO 20424 --- [restartedMain] o.s.o.j.p.SpringPersistenceUnitInfo      : No LoadTimeWeaver setup: ignoring JPA class transformer
2026-08-26T09:08:02.961+02:00  INFO 20424 --- [restartedMain] org.hibernate.orm.connections.pooling    : HHH10001005: Database info:
	Database JDBC URL [jdbc:mysql://localhost:3306/gestionale_giardiniere?useSSL=false&serverTimezone=UTC]
	Database driver: MySQL Connector/J
	Database dialect: MySQLDialect
	Database version: 8.0.46
	Default catalog/schema: gestionale_giardiniere/undefined
	Autocommit mode: undefined/unknown
	Isolation level: REPEATABLE_READ [default REPEATABLE_READ]
	JDBC fetch size: none
	Pool: DataSourceConnectionProvider
	Minimum pool size: undefined/unknown
	Maximum pool size: undefined/unknown
2026-08-26T09:08:03.213+02:00 ERROR 20424 --- [restartedMain] j.LocalContainerEntityManagerFactoryBean : Failed to initialize JPA EntityManagerFactory: Unable to build Hibernate SessionFactory  [persistence unit: default] ; nested exception is java.lang.NullPointerException: Cannot read the array length because "arr$" is null
2026-08-26T09:08:03.214+02:00  WARN 20424 --- [restartedMain] ConfigServletWebServerApplicationContext : Exception encountered during context initialization - cancelling refresh attempt: org.springframework.beans.factory.BeanCreationException: Error creating bean with name 'entityManagerFactory' defined in class path resource [org/springframework/boot/hibernate/autoconfigure/HibernateJpaConfiguration.class]: Unable to build Hibernate SessionFactory  [persistence unit: default] ; nested exception is java.lang.NullPointerException: Cannot read the array length because "arr$" is null
2026-08-26T09:08:03.214+02:00  INFO 20424 --- [restartedMain] com.zaxxer.hikari.HikariDataSource       : HikariPool-2 - Shutdown initiated...
2026-08-26T09:08:03.219+02:00  INFO 20424 --- [restartedMain] com.zaxxer.hikari.HikariDataSource       : HikariPool-2 - Shutdown completed.
2026-08-26T09:08:03.220+02:00  INFO 20424 --- [restartedMain] o.apache.catalina.core.StandardService   : Stopping service [Tomcat]
2026-08-26T09:08:03.232+02:00  INFO 20424 --- [restartedMain] .s.b.a.l.ConditionEvaluationReportLogger : 

Error starting ApplicationContext. To display the condition evaluation report re-run your application with 'debug' enabled.
2026-08-26T09:08:03.263+02:00 ERROR 20424 --- [restartedMain] o.s.boot.SpringApplication               : Application run failed

org.springframework.beans.factory.BeanCreationException: Error creating bean with name 'entityManagerFactory' defined in class path resource [org/springframework/boot/hibernate/autoconfigure/HibernateJpaConfiguration.class]: Unable to build Hibernate SessionFactory  [persistence unit: default] ; nested exception is java.lang.NullPointerException: Cannot read the array length because "arr$" is null
	at org.springframework.beans.factory.support.AbstractAutowireCapableBeanFactory.initializeBean(AbstractAutowireCapableBeanFactory.java:1815) ~[spring-beans-7.0.8.jar:7.0.8]
	at org.springframework.beans.factory.support.AbstractAutowireCapableBeanFactory.doCreateBean(AbstractAutowireCapableBeanFactory.java:603) ~[spring-beans-7.0.8.jar:7.0.8]
	at org.springframework.beans.factory.support.AbstractAutowireCapableBeanFactory.createBean(AbstractAutowireCapableBeanFactory.java:525) ~[spring-beans-7.0.8.jar:7.0.8]
	at org.springframework.beans.factory.support.AbstractBeanFactory.lambda$doGetBean$0(AbstractBeanFactory.java:333) ~[spring-beans-7.0.8.jar:7.0.8]
	at org.springframework.beans.factory.support.DefaultSingletonBeanRegistry.getSingleton(DefaultSingletonBeanRegistry.java:371) ~[spring-beans-7.0.8.jar:7.0.8]
	at org.springframework.beans.factory.support.AbstractBeanFactory.doGetBean(AbstractBeanFactory.java:331) ~[spring-beans-7.0.8.jar:7.0.8]
	at org.springframework.beans.factory.support.AbstractBeanFactory.getBean(AbstractBeanFactory.java:201) ~[spring-beans-7.0.8.jar:7.0.8]
	at org.springframework.context.support.AbstractApplicationContext.finishBeanFactoryInitialization(AbstractApplicationContext.java:977) ~[spring-context-7.0.8.jar:7.0.8]
	at org.springframework.context.support.AbstractApplicationContext.refresh(AbstractApplicationContext.java:621) ~[spring-context-7.0.8.jar:7.0.8]
	at org.springframework.boot.web.server.servlet.context.ServletWebServerApplicationContext.refresh(ServletWebServerApplicationContext.java:143) ~[spring-boot-web-server-4.1.0.jar:4.1.0]
	at org.springframework.boot.SpringApplication.refresh(SpringApplication.java:756) ~[spring-boot-4.1.0.jar:4.1.0]
	at org.springframework.boot.SpringApplication.refreshContext(SpringApplication.java:445) ~[spring-boot-4.1.0.jar:4.1.0]
	at org.springframework.boot.SpringApplication.run(SpringApplication.java:321) ~[spring-boot-4.1.0.jar:4.1.0]
	at org.springframework.boot.SpringApplication.run(SpringApplication.java:1365) ~[spring-boot-4.1.0.jar:4.1.0]
	at org.springframework.boot.SpringApplication.run(SpringApplication.java:1354) ~[spring-boot-4.1.0.jar:4.1.0]
	at com.generation.giardini.GiardiniApplication.main(GiardiniApplication.java:10) ~[classes/:na]
	at java.base/jdk.internal.reflect.DirectMethodHandleAccessor.invoke(DirectMethodHandleAccessor.java:104) ~[na:na]
	at java.base/java.lang.reflect.Method.invoke(Method.java:565) ~[na:na]
	at org.springframework.boot.devtools.restart.RestartLauncher.run(RestartLauncher.java:52) ~[spring-boot-devtools-4.1.0.jar:4.1.0]
Caused by: jakarta.persistence.PersistenceException: Unable to build Hibernate SessionFactory  [persistence unit: default] ; nested exception is java.lang.NullPointerException: Cannot read the array length because "arr$" is null
	at org.springframework.orm.jpa.AbstractEntityManagerFactoryBean.buildNativeEntityManagerFactory(AbstractEntityManagerFactoryBean.java:448) ~[spring-orm-7.0.8.jar:7.0.8]
	at org.springframework.orm.jpa.AbstractEntityManagerFactoryBean.afterPropertiesSet(AbstractEntityManagerFactoryBean.java:411) ~[spring-orm-7.0.8.jar:7.0.8]
	at org.springframework.orm.jpa.LocalContainerEntityManagerFactoryBean.afterPropertiesSet(LocalContainerEntityManagerFactoryBean.java:419) ~[spring-orm-7.0.8.jar:7.0.8]
	at org.springframework.beans.factory.support.AbstractAutowireCapableBeanFactory.invokeInitMethods(AbstractAutowireCapableBeanFactory.java:1862) ~[spring-beans-7.0.8.jar:7.0.8]
	at org.springframework.beans.factory.support.AbstractAutowireCapableBeanFactory.initializeBean(AbstractAutowireCapableBeanFactory.java:1811) ~[spring-beans-7.0.8.jar:7.0.8]
	... 18 common frames omitted
Caused by: java.lang.NullPointerException: Cannot read the array length because "arr$" is null
	at org.hibernate.metamodel.model.domain.internal.JpaMetamodelImpl.lambda$processJpa$1(JpaMetamodelImpl.java:672) ~[hibernate-core-7.4.1.Final.jar:7.4.1.Final]
	at java.base/java.util.concurrent.ConcurrentHashMap$ValuesView.forEach(ConcurrentHashMap.java:4800) ~[na:na]
	at org.hibernate.type.descriptor.java.spi.JavaTypeRegistry.forEachDescriptor(JavaTypeRegistry.java:78) ~[hibernate-core-7.4.1.Final.jar:7.4.1.Final]
	at org.hibernate.metamodel.model.domain.internal.JpaMetamodelImpl.processJpa(JpaMetamodelImpl.java:669) ~[hibernate-core-7.4.1.Final.jar:7.4.1.Final]
	at org.hibernate.metamodel.model.domain.internal.MappingMetamodelImpl.finishInitialization(MappingMetamodelImpl.java:182) ~[hibernate-core-7.4.1.Final.jar:7.4.1.Final]
	at org.hibernate.internal.SessionFactoryImpl.<init>(SessionFactoryImpl.java:287) ~[hibernate-core-7.4.1.Final.jar:7.4.1.Final]
	at org.hibernate.internal.SessionFactoryRegistry.instantiateSessionFactory(SessionFactoryRegistry.java:64) ~[hibernate-core-7.4.1.Final.jar:7.4.1.Final]
	at org.hibernate.boot.internal.SessionFactoryBuilderImpl.build(SessionFactoryBuilderImpl.java:458) ~[hibernate-core-7.4.1.Final.jar:7.4.1.Final]
	at org.hibernate.jpa.boot.internal.EntityManagerFactoryBuilderImpl.build(EntityManagerFactoryBuilderImpl.java:1452) ~[hibernate-core-7.4.1.Final.jar:7.4.1.Final]
	at org.springframework.orm.jpa.vendor.SpringHibernateJpaPersistenceProvider.createContainerEntityManagerFactory(SpringHibernateJpaPersistenceProvider.java:93) ~[spring-orm-7.0.8.jar:7.0.8]
	at org.springframework.orm.jpa.LocalContainerEntityManagerFactoryBean.createNativeEntityManagerFactory(LocalContainerEntityManagerFactoryBean.java:443) ~[spring-orm-7.0.8.jar:7.0.8]
	at org.springframework.orm.jpa.AbstractEntityManagerFactoryBean.buildNativeEntityManagerFactory(AbstractEntityManagerFactoryBean.java:436) ~[spring-orm-7.0.8.jar:7.0.8]
	... 22 common frames omitted

2026-08-26T09:12:33.625+02:00  INFO 9624 --- [restartedMain] c.g.giardini.GiardiniApplication         : Starting GiardiniApplication using Java 25.0.3 with PID 9624 (C:\Users\arche\Desktop\ProjectWork\giardini\giardini\target\classes started by arche in C:\Users\arche\Desktop\ProjectWork\giardini\giardini)
2026-08-26T09:12:33.632+02:00  INFO 9624 --- [restartedMain] c.g.giardini.GiardiniApplication         : No active profile set, falling back to 1 default profile: "default"
2026-08-26T09:12:33.694+02:00  INFO 9624 --- [restartedMain] .e.DevToolsPropertyDefaultsPostProcessor : Devtools property defaults active! Set 'spring.devtools.add-properties' to 'false' to disable
2026-08-26T09:12:33.694+02:00  INFO 9624 --- [restartedMain] .e.DevToolsPropertyDefaultsPostProcessor : For additional web related logging consider setting the 'logging.level.web' property to 'DEBUG'
2026-08-26T09:12:34.620+02:00  INFO 9624 --- [restartedMain] .s.d.r.c.RepositoryConfigurationDelegate : Bootstrapping Spring Data JPA repositories in DEFAULT mode.
2026-08-26T09:12:34.711+02:00  INFO 9624 --- [restartedMain] .s.d.r.c.RepositoryConfigurationDelegate : Finished Spring Data repository scanning in 82 ms. Found 6 JPA repository interfaces.
2026-08-26T09:12:35.606+02:00  INFO 9624 --- [restartedMain] o.s.boot.tomcat.TomcatWebServer          : Tomcat initialized with port 8080 (http)
2026-08-26T09:12:35.633+02:00  INFO 9624 --- [restartedMain] o.apache.catalina.core.StandardService   : Starting service [Tomcat]
2026-08-26T09:12:35.634+02:00  INFO 9624 --- [restartedMain] o.apache.catalina.core.StandardEngine    : Starting Servlet engine: [Apache Tomcat/11.0.22]
2026-08-26T09:12:35.706+02:00  INFO 9624 --- [restartedMain] b.w.c.s.WebApplicationContextInitializer : Root WebApplicationContext: initialization completed in 2011 ms
2026-08-26T09:12:36.120+02:00  INFO 9624 --- [restartedMain] com.zaxxer.hikari.HikariDataSource       : HikariPool-1 - Starting...
2026-08-26T09:12:36.331+02:00  INFO 9624 --- [restartedMain] com.zaxxer.hikari.pool.HikariPool        : HikariPool-1 - Added connection com.mysql.cj.jdbc.ConnectionImpl@260285f1
2026-08-26T09:12:36.334+02:00  INFO 9624 --- [restartedMain] com.zaxxer.hikari.HikariDataSource       : HikariPool-1 - Start completed.
2026-08-26T09:12:36.374+02:00  INFO 9624 --- [restartedMain] org.flywaydb.core.FlywayExecutor         : Database: jdbc:mysql://localhost:3306/gestionale_giardiniere?useSSL=false&serverTimezone=UTC (MySQL 8.0)
2026-08-26T09:12:36.484+02:00  INFO 9624 --- [restartedMain] o.f.core.internal.command.DbValidate     : Successfully validated 3 migrations (execution time 00:00.040s)
2026-08-26T09:12:36.507+02:00  INFO 9624 --- [restartedMain] o.f.core.internal.command.DbMigrate      : Current version of schema `gestionale_giardiniere`: 3
2026-08-26T09:12:36.513+02:00  INFO 9624 --- [restartedMain] o.f.core.internal.command.DbMigrate      : Schema `gestionale_giardiniere` is up to date. No migration necessary.
2026-08-26T09:12:36.658+02:00  INFO 9624 --- [restartedMain] org.hibernate.orm.jpa                    : HHH008540: Processing PersistenceUnitInfo [name: default]
2026-08-26T09:12:36.735+02:00  INFO 9624 --- [restartedMain] org.hibernate.orm.core                   : HHH000001: Hibernate ORM core version 7.4.1.Final
2026-08-26T09:12:37.314+02:00  INFO 9624 --- [restartedMain] o.s.o.j.p.SpringPersistenceUnitInfo      : No LoadTimeWeaver setup: ignoring JPA class transformer
2026-08-26T09:12:37.408+02:00  INFO 9624 --- [restartedMain] org.hibernate.orm.connections.pooling    : HHH10001005: Database info:
	Database JDBC URL [jdbc:mysql://localhost:3306/gestionale_giardiniere?useSSL=false&serverTimezone=UTC]
	Database driver: MySQL Connector/J
	Database dialect: MySQLDialect
	Database version: 8.0.46
	Default catalog/schema: gestionale_giardiniere/undefined
	Autocommit mode: undefined/unknown
	Isolation level: REPEATABLE_READ [default REPEATABLE_READ]
	JDBC fetch size: none
	Pool: DataSourceConnectionProvider
	Minimum pool size: undefined/unknown
	Maximum pool size: undefined/unknown
2026-08-26T09:12:38.516+02:00  INFO 9624 --- [restartedMain] org.hibernate.orm.core                   : HHH000489: No JTA platform available (set 'hibernate.transaction.jta.platform' to enable JTA platform integration)
2026-08-26T09:12:38.594+02:00  INFO 9624 --- [restartedMain] j.LocalContainerEntityManagerFactoryBean : Initialized JPA EntityManagerFactory for persistence unit 'default'
2026-08-26T09:12:38.716+02:00  INFO 9624 --- [restartedMain] o.s.d.j.r.query.QueryEnhancerFactories   : Hibernate is in classpath; If applicable, HQL parser will be used.
2026-08-26T09:12:40.101+02:00  WARN 9624 --- [restartedMain] JpaBaseConfiguration$JpaWebConfiguration : spring.jpa.open-in-view is enabled by default. Therefore, database queries may be performed during view rendering. Explicitly configure spring.jpa.open-in-view to disable this warning
2026-08-26T09:12:40.231+02:00  INFO 9624 --- [restartedMain] r$InitializeUserDetailsManagerConfigurer : Global AuthenticationManager configured with UserDetailsService bean with name customUserDetailsService
2026-08-26T09:12:41.050+02:00  INFO 9624 --- [restartedMain] o.s.boot.tomcat.TomcatWebServer          : Tomcat started on port 8080 (http) with context path '/'
2026-08-26T09:12:41.061+02:00  INFO 9624 --- [restartedMain] c.g.giardini.GiardiniApplication         : Started GiardiniApplication in 7.935 seconds (process running for 8.506)
2026-08-26T09:12:41.165+02:00 DEBUG 9624 --- [restartedMain] org.hibernate.SQL                        : select u1_0.id_utente,u1_0.attivo,u1_0.cognome,u1_0.email,u1_0.guest,u1_0.indirizzo,u1_0.nome,u1_0.password,u1_0.ruolo,u1_0.telefono from utente u1_0
2026-08-26T09:12:45.312+02:00  INFO 9624 --- [http-nio-8080-exec-1] o.a.c.c.C.[Tomcat].[localhost].[/]       : Initializing Spring DispatcherServlet 'dispatcherServlet'
2026-08-26T09:12:45.313+02:00  INFO 9624 --- [http-nio-8080-exec-1] o.s.web.servlet.DispatcherServlet        : Initializing Servlet 'dispatcherServlet'
2026-08-26T09:12:45.314+02:00  INFO 9624 --- [http-nio-8080-exec-1] o.s.web.servlet.DispatcherServlet        : Completed initialization in 1 ms
2026-08-26T09:12:45.386+02:00 DEBUG 9624 --- [http-nio-8080-exec-1] org.hibernate.SQL                        : select u1_0.id_utente,u1_0.attivo,u1_0.cognome,u1_0.email,u1_0.guest,u1_0.indirizzo,u1_0.nome,u1_0.password,u1_0.ruolo,u1_0.telefono from utente u1_0 limit ?,?
2026-08-26T09:12:45.387+02:00 TRACE 9624 --- [http-nio-8080-exec-1] org.hibernate.orm.jdbc.bind              : binding parameter (1:INTEGER) <- [0]
2026-08-26T09:12:45.389+02:00 TRACE 9624 --- [http-nio-8080-exec-1] org.hibernate.orm.jdbc.bind              : binding parameter (2:INTEGER) <- [5]
2026-08-26T09:12:45.403+02:00 DEBUG 9624 --- [http-nio-8080-exec-1] org.hibernate.SQL                        : select count(u1_0.id_utente) from utente u1_0
2026-08-26T09:12:45.417+02:00 DEBUG 9624 --- [http-nio-8080-exec-1] org.hibernate.SQL                        : select p1_0.id_preventivo,p1_0.costo_stimato,p1_0.data_emissione,p1_0.data_intervento,p1_0.data_scadenza,p1_0.descrizione,p1_0.indirizzo,p1_0.stato,p1_0.superficie_mq,p1_0.id_utente from preventivo p1_0 limit ?,?
2026-08-26T09:12:45.419+02:00 TRACE 9624 --- [http-nio-8080-exec-1] org.hibernate.orm.jdbc.bind              : binding parameter (1:INTEGER) <- [0]
2026-08-26T09:12:45.419+02:00 TRACE 9624 --- [http-nio-8080-exec-1] org.hibernate.orm.jdbc.bind              : binding parameter (2:INTEGER) <- [5]
2026-08-26T09:12:45.438+02:00 DEBUG 9624 --- [http-nio-8080-exec-1] org.hibernate.SQL                        : select count(p1_0.id_preventivo) from preventivo p1_0
2026-08-26T09:12:45.447+02:00 DEBUG 9624 --- [http-nio-8080-exec-1] org.hibernate.SQL                        : select d1_0.id_preventivo,d1_0.id_dettaglio,d1_0.quantita,d1_0.id_servizio from dettaglio_preventivo d1_0 where d1_0.id_preventivo=?
2026-08-26T09:12:45.449+02:00 TRACE 9624 --- [http-nio-8080-exec-1] org.hibernate.orm.jdbc.bind              : binding parameter (1:BIGINT) <- [1]
2026-08-26T09:12:45.455+02:00 DEBUG 9624 --- [http-nio-8080-exec-1] org.hibernate.SQL                        : select s1_0.id_servizio,s1_0.attivo,s1_0.descrizione,s1_0.minuti_al_mq,s1_0.nome,s1_0.prezzo_al_mq from servizio s1_0 where s1_0.id_servizio=?
2026-08-26T09:12:45.457+02:00 TRACE 9624 --- [http-nio-8080-exec-1] org.hibernate.orm.jdbc.bind              : binding parameter (1:BIGINT) <- [1]
2026-08-26T09:12:45.463+02:00 DEBUG 9624 --- [http-nio-8080-exec-1] org.hibernate.SQL                        : select d1_0.id_preventivo,d1_0.id_dettaglio,d1_0.quantita,d1_0.id_servizio from dettaglio_preventivo d1_0 where d1_0.id_preventivo=?
2026-08-26T09:12:45.463+02:00 TRACE 9624 --- [http-nio-8080-exec-1] org.hibernate.orm.jdbc.bind              : binding parameter (1:BIGINT) <- [2]
2026-08-26T09:12:45.466+02:00 DEBUG 9624 --- [http-nio-8080-exec-1] org.hibernate.SQL                        : select s1_0.id_servizio,s1_0.attivo,s1_0.descrizione,s1_0.minuti_al_mq,s1_0.nome,s1_0.prezzo_al_mq from servizio s1_0 where s1_0.id_servizio=?
2026-08-26T09:12:45.467+02:00 TRACE 9624 --- [http-nio-8080-exec-1] org.hibernate.orm.jdbc.bind              : binding parameter (1:BIGINT) <- [2]
2026-08-26T09:12:45.469+02:00 DEBUG 9624 --- [http-nio-8080-exec-1] org.hibernate.SQL                        : select d1_0.id_preventivo,d1_0.id_dettaglio,d1_0.quantita,d1_0.id_servizio from dettaglio_preventivo d1_0 where d1_0.id_preventivo=?
2026-08-26T09:12:45.470+02:00 TRACE 9624 --- [http-nio-8080-exec-1] org.hibernate.orm.jdbc.bind              : binding parameter (1:BIGINT) <- [3]
2026-08-26T09:12:45.473+02:00 DEBUG 9624 --- [http-nio-8080-exec-1] org.hibernate.SQL                        : select s1_0.id_servizio,s1_0.attivo,s1_0.descrizione,s1_0.minuti_al_mq,s1_0.nome,s1_0.prezzo_al_mq from servizio s1_0 where s1_0.id_servizio=?
2026-08-26T09:12:45.473+02:00 TRACE 9624 --- [http-nio-8080-exec-1] org.hibernate.orm.jdbc.bind              : binding parameter (1:BIGINT) <- [3]
2026-08-26T09:12:45.477+02:00 DEBUG 9624 --- [http-nio-8080-exec-1] org.hibernate.SQL                        : select d1_0.id_preventivo,d1_0.id_dettaglio,d1_0.quantita,d1_0.id_servizio from dettaglio_preventivo d1_0 where d1_0.id_preventivo=?
2026-08-26T09:12:45.478+02:00 TRACE 9624 --- [http-nio-8080-exec-1] org.hibernate.orm.jdbc.bind              : binding parameter (1:BIGINT) <- [4]
2026-08-26T09:12:45.480+02:00 DEBUG 9624 --- [http-nio-8080-exec-1] org.hibernate.SQL                        : select s1_0.id_servizio,s1_0.attivo,s1_0.descrizione,s1_0.minuti_al_mq,s1_0.nome,s1_0.prezzo_al_mq from servizio s1_0 where s1_0.id_servizio=?
2026-08-26T09:12:45.482+02:00 TRACE 9624 --- [http-nio-8080-exec-1] org.hibernate.orm.jdbc.bind              : binding parameter (1:BIGINT) <- [4]
2026-08-26T09:12:45.483+02:00 DEBUG 9624 --- [http-nio-8080-exec-1] org.hibernate.SQL                        : select d1_0.id_preventivo,d1_0.id_dettaglio,d1_0.quantita,d1_0.id_servizio from dettaglio_preventivo d1_0 where d1_0.id_preventivo=?
2026-08-26T09:12:45.484+02:00 TRACE 9624 --- [http-nio-8080-exec-1] org.hibernate.orm.jdbc.bind              : binding parameter (1:BIGINT) <- [5]
2026-08-26T09:12:45.487+02:00 DEBUG 9624 --- [http-nio-8080-exec-1] org.hibernate.SQL                        : select u1_0.id_utente,u1_0.attivo,u1_0.cognome,u1_0.email,u1_0.guest,u1_0.indirizzo,u1_0.nome,u1_0.password,u1_0.ruolo,u1_0.telefono from utente u1_0 where u1_0.id_utente=?
2026-08-26T09:12:45.488+02:00 TRACE 9624 --- [http-nio-8080-exec-1] org.hibernate.orm.jdbc.bind              : binding parameter (1:BIGINT) <- [6]
2026-08-26T09:12:45.496+02:00 DEBUG 9624 --- [http-nio-8080-exec-1] org.hibernate.SQL                        : select p1_0.id_prenotazione,p1_0.data_intervento,p1_0.indirizzo,p1_0.id_preventivo,p1_0.stato from prenotazione p1_0 limit ?,?
2026-08-26T09:12:45.497+02:00 TRACE 9624 --- [http-nio-8080-exec-1] org.hibernate.orm.jdbc.bind              : binding parameter (1:INTEGER) <- [0]
2026-08-26T09:12:45.498+02:00 TRACE 9624 --- [http-nio-8080-exec-1] org.hibernate.orm.jdbc.bind              : binding parameter (2:INTEGER) <- [5]
2026-08-26T09:12:45.507+02:00 DEBUG 9624 --- [http-nio-8080-exec-1] org.hibernate.SQL                        : select r1_0.id_recensione,r1_0.commento,r1_0.data_recensione,r1_0.id_prenotazione,r1_0.voto from recensione r1_0 where r1_0.id_prenotazione=?
2026-08-26T09:12:45.508+02:00 TRACE 9624 --- [http-nio-8080-exec-1] org.hibernate.orm.jdbc.bind              : binding parameter (1:BIGINT) <- [1]
2026-08-26T09:12:45.512+02:00 DEBUG 9624 --- [http-nio-8080-exec-1] org.hibernate.SQL                        : select r1_0.id_recensione,r1_0.commento,r1_0.data_recensione,r1_0.id_prenotazione,r1_0.voto from recensione r1_0 where r1_0.id_prenotazione=?
2026-08-26T09:12:45.514+02:00 TRACE 9624 --- [http-nio-8080-exec-1] org.hibernate.orm.jdbc.bind              : binding parameter (1:BIGINT) <- [2]
2026-08-26T09:12:45.515+02:00 DEBUG 9624 --- [http-nio-8080-exec-1] org.hibernate.SQL                        : select r1_0.id_recensione,r1_0.commento,r1_0.data_recensione,r1_0.id_prenotazione,r1_0.voto from recensione r1_0 where r1_0.id_prenotazione=?
2026-08-26T09:12:45.517+02:00 TRACE 9624 --- [http-nio-8080-exec-1] org.hibernate.orm.jdbc.bind              : binding parameter (1:BIGINT) <- [3]
2026-08-26T09:12:45.522+02:00 DEBUG 9624 --- [http-nio-8080-exec-1] org.hibernate.SQL                        : select r1_0.id_recensione,r1_0.commento,r1_0.data_recensione,r1_0.id_prenotazione,r1_0.voto from recensione r1_0 where r1_0.id_prenotazione=?
2026-08-26T09:12:45.523+02:00 TRACE 9624 --- [http-nio-8080-exec-1] org.hibernate.orm.jdbc.bind              : binding parameter (1:BIGINT) <- [4]
2026-08-26T09:12:45.525+02:00 DEBUG 9624 --- [http-nio-8080-exec-1] org.hibernate.SQL                        : select r1_0.id_recensione,r1_0.commento,r1_0.data_recensione,r1_0.id_prenotazione,r1_0.voto from recensione r1_0 where r1_0.id_prenotazione=?
2026-08-26T09:12:45.526+02:00 TRACE 9624 --- [http-nio-8080-exec-1] org.hibernate.orm.jdbc.bind              : binding parameter (1:BIGINT) <- [5]
2026-08-26T09:12:45.529+02:00 DEBUG 9624 --- [http-nio-8080-exec-1] org.hibernate.SQL                        : select count(p1_0.id_prenotazione) from prenotazione p1_0
2026-08-26T09:12:45.557+02:00 DEBUG 9624 --- [http-nio-8080-exec-1] org.hibernate.SQL                        : select r1_0.id_recensione,p1_0.id_prenotazione,u1_0.email,r1_0.voto,r1_0.commento,r1_0.data_recensione from recensione r1_0 join prenotazione p1_0 on p1_0.id_prenotazione=r1_0.id_prenotazione join preventivo p2_0 on p2_0.id_preventivo=p1_0.id_preventivo join utente u1_0 on u1_0.id_utente=p2_0.id_utente limit ?
2026-08-26T09:12:45.558+02:00 TRACE 9624 --- [http-nio-8080-exec-1] org.hibernate.orm.jdbc.bind              : binding parameter (1:INTEGER) <- [5]
2026-08-26T09:13:56.907+02:00  INFO 9624 --- [File Watcher] rtingClassPathChangeChangedEventListener : Restarting due to 1 class path change (0 additions, 0 deletions, 1 modification)
2026-08-26T09:13:56.917+02:00  INFO 9624 --- [Thread-1] o.s.boot.tomcat.GracefulShutdown         : Commencing graceful shutdown. Waiting for active requests to complete
2026-08-26T09:13:56.928+02:00  INFO 9624 --- [tomcat-shutdown] o.s.boot.tomcat.GracefulShutdown         : Graceful shutdown complete
2026-08-26T09:13:56.936+02:00  INFO 9624 --- [Thread-1] j.LocalContainerEntityManagerFactoryBean : Closing JPA EntityManagerFactory for persistence unit 'default'
2026-08-26T09:13:56.941+02:00  INFO 9624 --- [Thread-1] com.zaxxer.hikari.HikariDataSource       : HikariPool-1 - Shutdown initiated...
2026-08-26T09:13:56.956+02:00  INFO 9624 --- [Thread-1] com.zaxxer.hikari.HikariDataSource       : HikariPool-1 - Shutdown completed.
2026-08-26T09:13:57.078+02:00  INFO 9624 --- [restartedMain] c.g.giardini.GiardiniApplication         : Starting GiardiniApplication using Java 25.0.3 with PID 9624 (C:\Users\arche\Desktop\ProjectWork\giardini\giardini\target\classes started by arche in C:\Users\arche\Desktop\ProjectWork\giardini\giardini)
2026-08-26T09:13:57.078+02:00  INFO 9624 --- [restartedMain] c.g.giardini.GiardiniApplication         : No active profile set, falling back to 1 default profile: "default"
2026-08-26T09:13:57.357+02:00  INFO 9624 --- [restartedMain] .s.d.r.c.RepositoryConfigurationDelegate : Bootstrapping Spring Data JPA repositories in DEFAULT mode.
2026-08-26T09:13:57.411+02:00  INFO 9624 --- [restartedMain] .s.d.r.c.RepositoryConfigurationDelegate : Finished Spring Data repository scanning in 49 ms. Found 6 JPA repository interfaces.
2026-08-26T09:13:57.551+02:00  INFO 9624 --- [restartedMain] o.s.boot.tomcat.TomcatWebServer          : Tomcat initialized with port 8080 (http)
2026-08-26T09:13:57.554+02:00  INFO 9624 --- [restartedMain] o.apache.catalina.core.StandardService   : Starting service [Tomcat]
2026-08-26T09:13:57.555+02:00  INFO 9624 --- [restartedMain] o.apache.catalina.core.StandardEngine    : Starting Servlet engine: [Apache Tomcat/11.0.22]
2026-08-26T09:13:57.613+02:00  INFO 9624 --- [restartedMain] b.w.c.s.WebApplicationContextInitializer : Root WebApplicationContext: initialization completed in 533 ms
2026-08-26T09:13:57.688+02:00  INFO 9624 --- [restartedMain] com.zaxxer.hikari.HikariDataSource       : HikariPool-2 - Starting...
2026-08-26T09:13:57.697+02:00  INFO 9624 --- [restartedMain] com.zaxxer.hikari.pool.HikariPool        : HikariPool-2 - Added connection com.mysql.cj.jdbc.ConnectionImpl@236d9cc0
2026-08-26T09:13:57.698+02:00  INFO 9624 --- [restartedMain] com.zaxxer.hikari.HikariDataSource       : HikariPool-2 - Start completed.
2026-08-26T09:13:57.700+02:00  INFO 9624 --- [restartedMain] org.flywaydb.core.FlywayExecutor         : Database: jdbc:mysql://localhost:3306/gestionale_giardiniere?useSSL=false&serverTimezone=UTC (MySQL 8.0)
2026-08-26T09:13:57.735+02:00  INFO 9624 --- [restartedMain] o.f.core.internal.command.DbValidate     : Successfully validated 3 migrations (execution time 00:00.014s)
2026-08-26T09:13:57.747+02:00  INFO 9624 --- [restartedMain] o.f.core.internal.command.DbMigrate      : Current version of schema `gestionale_giardiniere`: 3
2026-08-26T09:13:57.748+02:00  INFO 9624 --- [restartedMain] o.f.core.internal.command.DbMigrate      : Schema `gestionale_giardiniere` is up to date. No migration necessary.
2026-08-26T09:13:57.778+02:00  INFO 9624 --- [restartedMain] org.hibernate.orm.jpa                    : HHH008540: Processing PersistenceUnitInfo [name: default]
2026-08-26T09:13:57.819+02:00  INFO 9624 --- [restartedMain] o.s.o.j.p.SpringPersistenceUnitInfo      : No LoadTimeWeaver setup: ignoring JPA class transformer
2026-08-26T09:13:57.823+02:00  INFO 9624 --- [restartedMain] org.hibernate.orm.connections.pooling    : HHH10001005: Database info:
	Database JDBC URL [jdbc:mysql://localhost:3306/gestionale_giardiniere?useSSL=false&serverTimezone=UTC]
	Database driver: MySQL Connector/J
	Database dialect: MySQLDialect
	Database version: 8.0.46
	Default catalog/schema: gestionale_giardiniere/undefined
	Autocommit mode: undefined/unknown
	Isolation level: REPEATABLE_READ [default REPEATABLE_READ]
	JDBC fetch size: none
	Pool: DataSourceConnectionProvider
	Minimum pool size: undefined/unknown
	Maximum pool size: undefined/unknown
2026-08-26T09:13:58.002+02:00  INFO 9624 --- [restartedMain] org.hibernate.orm.core                   : HHH000489: No JTA platform available (set 'hibernate.transaction.jta.platform' to enable JTA platform integration)
2026-08-26T09:13:58.013+02:00  INFO 9624 --- [restartedMain] j.LocalContainerEntityManagerFactoryBean : Initialized JPA EntityManagerFactory for persistence unit 'default'
2026-08-26T09:13:58.238+02:00  WARN 9624 --- [restartedMain] JpaBaseConfiguration$JpaWebConfiguration : spring.jpa.open-in-view is enabled by default. Therefore, database queries may be performed during view rendering. Explicitly configure spring.jpa.open-in-view to disable this warning
2026-08-26T09:13:58.283+02:00  INFO 9624 --- [restartedMain] r$InitializeUserDetailsManagerConfigurer : Global AuthenticationManager configured with UserDetailsService bean with name customUserDetailsService
2026-08-26T09:13:58.439+02:00  INFO 9624 --- [restartedMain] o.s.boot.tomcat.TomcatWebServer          : Tomcat started on port 8080 (http) with context path '/'
2026-08-26T09:13:58.442+02:00  INFO 9624 --- [restartedMain] c.g.giardini.GiardiniApplication         : Started GiardiniApplication in 1.395 seconds (process running for 85.887)
2026-08-26T09:13:58.449+02:00 DEBUG 9624 --- [restartedMain] org.hibernate.SQL                        : select u1_0.id_utente,u1_0.attivo,u1_0.cognome,u1_0.email,u1_0.guest,u1_0.indirizzo,u1_0.nome,u1_0.password,u1_0.ruolo,u1_0.telefono from utente u1_0
2026-08-26T09:13:58.459+02:00  INFO 9624 --- [restartedMain] .ConditionEvaluationDeltaLoggingListener : Condition evaluation unchanged
2026-08-26T09:14:07.350+02:00  INFO 9624 --- [http-nio-8080-exec-1] o.a.c.c.C.[Tomcat].[localhost].[/]       : Initializing Spring DispatcherServlet 'dispatcherServlet'
2026-08-26T09:14:07.350+02:00  INFO 9624 --- [http-nio-8080-exec-1] o.s.web.servlet.DispatcherServlet        : Initializing Servlet 'dispatcherServlet'
2026-08-26T09:14:07.351+02:00  INFO 9624 --- [http-nio-8080-exec-1] o.s.web.servlet.DispatcherServlet        : Completed initialization in 1 ms
2026-08-26T09:14:07.358+02:00 DEBUG 9624 --- [http-nio-8080-exec-1] org.hibernate.SQL                        : select u1_0.id_utente,u1_0.attivo,u1_0.cognome,u1_0.email,u1_0.guest,u1_0.indirizzo,u1_0.nome,u1_0.password,u1_0.ruolo,u1_0.telefono from utente u1_0 limit ?,?
2026-08-26T09:14:07.359+02:00 TRACE 9624 --- [http-nio-8080-exec-1] org.hibernate.orm.jdbc.bind              : binding parameter (1:INTEGER) <- [0]
2026-08-26T09:14:07.359+02:00 TRACE 9624 --- [http-nio-8080-exec-1] org.hibernate.orm.jdbc.bind              : binding parameter (2:INTEGER) <- [5]
2026-08-26T09:14:07.363+02:00 DEBUG 9624 --- [http-nio-8080-exec-1] org.hibernate.SQL                        : select count(u1_0.id_utente) from utente u1_0
2026-08-26T09:14:07.372+02:00 DEBUG 9624 --- [http-nio-8080-exec-1] org.hibernate.SQL                        : select p1_0.id_preventivo,p1_0.costo_stimato,p1_0.data_emissione,p1_0.data_intervento,p1_0.data_scadenza,p1_0.descrizione,p1_0.indirizzo,p1_0.stato,p1_0.superficie_mq,p1_0.id_utente from preventivo p1_0 limit ?,?
2026-08-26T09:14:07.373+02:00 TRACE 9624 --- [http-nio-8080-exec-1] org.hibernate.orm.jdbc.bind              : binding parameter (1:INTEGER) <- [0]
2026-08-26T09:14:07.373+02:00 TRACE 9624 --- [http-nio-8080-exec-1] org.hibernate.orm.jdbc.bind              : binding parameter (2:INTEGER) <- [5]
2026-08-26T09:14:07.378+02:00 DEBUG 9624 --- [http-nio-8080-exec-1] org.hibernate.SQL                        : select count(p1_0.id_preventivo) from preventivo p1_0
2026-08-26T09:14:07.382+02:00 DEBUG 9624 --- [http-nio-8080-exec-1] org.hibernate.SQL                        : select d1_0.id_preventivo,d1_0.id_dettaglio,d1_0.quantita,d1_0.id_servizio from dettaglio_preventivo d1_0 where d1_0.id_preventivo=?
2026-08-26T09:14:07.383+02:00 TRACE 9624 --- [http-nio-8080-exec-1] org.hibernate.orm.jdbc.bind              : binding parameter (1:BIGINT) <- [1]
2026-08-26T09:14:07.387+02:00 DEBUG 9624 --- [http-nio-8080-exec-1] org.hibernate.SQL                        : select s1_0.id_servizio,s1_0.attivo,s1_0.descrizione,s1_0.minuti_al_mq,s1_0.nome,s1_0.prezzo_al_mq from servizio s1_0 where s1_0.id_servizio=?
2026-08-26T09:14:07.388+02:00 TRACE 9624 --- [http-nio-8080-exec-1] org.hibernate.orm.jdbc.bind              : binding parameter (1:BIGINT) <- [1]
2026-08-26T09:14:07.391+02:00 DEBUG 9624 --- [http-nio-8080-exec-1] org.hibernate.SQL                        : select d1_0.id_preventivo,d1_0.id_dettaglio,d1_0.quantita,d1_0.id_servizio from dettaglio_preventivo d1_0 where d1_0.id_preventivo=?
2026-08-26T09:14:07.392+02:00 TRACE 9624 --- [http-nio-8080-exec-1] org.hibernate.orm.jdbc.bind              : binding parameter (1:BIGINT) <- [2]
2026-08-26T09:14:07.394+02:00 DEBUG 9624 --- [http-nio-8080-exec-1] org.hibernate.SQL                        : select s1_0.id_servizio,s1_0.attivo,s1_0.descrizione,s1_0.minuti_al_mq,s1_0.nome,s1_0.prezzo_al_mq from servizio s1_0 where s1_0.id_servizio=?
2026-08-26T09:14:07.395+02:00 TRACE 9624 --- [http-nio-8080-exec-1] org.hibernate.orm.jdbc.bind              : binding parameter (1:BIGINT) <- [2]
2026-08-26T09:14:07.397+02:00 DEBUG 9624 --- [http-nio-8080-exec-1] org.hibernate.SQL                        : select d1_0.id_preventivo,d1_0.id_dettaglio,d1_0.quantita,d1_0.id_servizio from dettaglio_preventivo d1_0 where d1_0.id_preventivo=?
2026-08-26T09:14:07.398+02:00 TRACE 9624 --- [http-nio-8080-exec-1] org.hibernate.orm.jdbc.bind              : binding parameter (1:BIGINT) <- [3]
2026-08-26T09:14:07.399+02:00 DEBUG 9624 --- [http-nio-8080-exec-1] org.hibernate.SQL                        : select s1_0.id_servizio,s1_0.attivo,s1_0.descrizione,s1_0.minuti_al_mq,s1_0.nome,s1_0.prezzo_al_mq from servizio s1_0 where s1_0.id_servizio=?
2026-08-26T09:14:07.400+02:00 TRACE 9624 --- [http-nio-8080-exec-1] org.hibernate.orm.jdbc.bind              : binding parameter (1:BIGINT) <- [3]
2026-08-26T09:14:07.403+02:00 DEBUG 9624 --- [http-nio-8080-exec-1] org.hibernate.SQL                        : select d1_0.id_preventivo,d1_0.id_dettaglio,d1_0.quantita,d1_0.id_servizio from dettaglio_preventivo d1_0 where d1_0.id_preventivo=?
2026-08-26T09:14:07.404+02:00 TRACE 9624 --- [http-nio-8080-exec-1] org.hibernate.orm.jdbc.bind              : binding parameter (1:BIGINT) <- [4]
2026-08-26T09:14:07.406+02:00 DEBUG 9624 --- [http-nio-8080-exec-1] org.hibernate.SQL                        : select s1_0.id_servizio,s1_0.attivo,s1_0.descrizione,s1_0.minuti_al_mq,s1_0.nome,s1_0.prezzo_al_mq from servizio s1_0 where s1_0.id_servizio=?
2026-08-26T09:14:07.407+02:00 TRACE 9624 --- [http-nio-8080-exec-1] org.hibernate.orm.jdbc.bind              : binding parameter (1:BIGINT) <- [4]
2026-08-26T09:14:07.410+02:00 DEBUG 9624 --- [http-nio-8080-exec-1] org.hibernate.SQL                        : select d1_0.id_preventivo,d1_0.id_dettaglio,d1_0.quantita,d1_0.id_servizio from dettaglio_preventivo d1_0 where d1_0.id_preventivo=?
2026-08-26T09:14:07.411+02:00 TRACE 9624 --- [http-nio-8080-exec-1] org.hibernate.orm.jdbc.bind              : binding parameter (1:BIGINT) <- [5]
2026-08-26T09:14:07.413+02:00 DEBUG 9624 --- [http-nio-8080-exec-1] org.hibernate.SQL                        : select u1_0.id_utente,u1_0.attivo,u1_0.cognome,u1_0.email,u1_0.guest,u1_0.indirizzo,u1_0.nome,u1_0.password,u1_0.ruolo,u1_0.telefono from utente u1_0 where u1_0.id_utente=?
2026-08-26T09:14:07.413+02:00 TRACE 9624 --- [http-nio-8080-exec-1] org.hibernate.orm.jdbc.bind              : binding parameter (1:BIGINT) <- [6]
2026-08-26T09:14:07.419+02:00 DEBUG 9624 --- [http-nio-8080-exec-1] org.hibernate.SQL                        : select p1_0.id_prenotazione,p1_0.data_intervento,p1_0.indirizzo,p1_0.id_preventivo,p1_0.stato from prenotazione p1_0 limit ?,?
2026-08-26T09:14:07.420+02:00 TRACE 9624 --- [http-nio-8080-exec-1] org.hibernate.orm.jdbc.bind              : binding parameter (1:INTEGER) <- [0]
2026-08-26T09:14:07.420+02:00 TRACE 9624 --- [http-nio-8080-exec-1] org.hibernate.orm.jdbc.bind              : binding parameter (2:INTEGER) <- [5]
2026-08-26T09:14:07.423+02:00 DEBUG 9624 --- [http-nio-8080-exec-1] org.hibernate.SQL                        : select r1_0.id_recensione,r1_0.commento,r1_0.data_recensione,r1_0.id_prenotazione,r1_0.voto from recensione r1_0 where r1_0.id_prenotazione=?
2026-08-26T09:14:07.423+02:00 TRACE 9624 --- [http-nio-8080-exec-1] org.hibernate.orm.jdbc.bind              : binding parameter (1:BIGINT) <- [1]
2026-08-26T09:14:07.425+02:00 DEBUG 9624 --- [http-nio-8080-exec-1] org.hibernate.SQL                        : select r1_0.id_recensione,r1_0.commento,r1_0.data_recensione,r1_0.id_prenotazione,r1_0.voto from recensione r1_0 where r1_0.id_prenotazione=?
2026-08-26T09:14:07.425+02:00 TRACE 9624 --- [http-nio-8080-exec-1] org.hibernate.orm.jdbc.bind              : binding parameter (1:BIGINT) <- [2]
2026-08-26T09:14:07.428+02:00 DEBUG 9624 --- [http-nio-8080-exec-1] org.hibernate.SQL                        : select r1_0.id_recensione,r1_0.commento,r1_0.data_recensione,r1_0.id_prenotazione,r1_0.voto from recensione r1_0 where r1_0.id_prenotazione=?
2026-08-26T09:14:07.429+02:00 TRACE 9624 --- [http-nio-8080-exec-1] org.hibernate.orm.jdbc.bind              : binding parameter (1:BIGINT) <- [3]
2026-08-26T09:14:07.430+02:00 DEBUG 9624 --- [http-nio-8080-exec-1] org.hibernate.SQL                        : select r1_0.id_recensione,r1_0.commento,r1_0.data_recensione,r1_0.id_prenotazione,r1_0.voto from recensione r1_0 where r1_0.id_prenotazione=?
2026-08-26T09:14:07.431+02:00 TRACE 9624 --- [http-nio-8080-exec-1] org.hibernate.orm.jdbc.bind              : binding parameter (1:BIGINT) <- [4]
2026-08-26T09:14:07.434+02:00 DEBUG 9624 --- [http-nio-8080-exec-1] org.hibernate.SQL                        : select r1_0.id_recensione,r1_0.commento,r1_0.data_recensione,r1_0.id_prenotazione,r1_0.voto from recensione r1_0 where r1_0.id_prenotazione=?
2026-08-26T09:14:07.434+02:00 TRACE 9624 --- [http-nio-8080-exec-1] org.hibernate.orm.jdbc.bind              : binding parameter (1:BIGINT) <- [5]
2026-08-26T09:14:07.436+02:00 DEBUG 9624 --- [http-nio-8080-exec-1] org.hibernate.SQL                        : select count(p1_0.id_prenotazione) from prenotazione p1_0
2026-08-26T09:14:07.447+02:00 DEBUG 9624 --- [http-nio-8080-exec-1] org.hibernate.SQL                        : select r1_0.id_recensione,p1_0.id_prenotazione,u1_0.email,r1_0.voto,r1_0.commento,r1_0.data_recensione from recensione r1_0 join prenotazione p1_0 on p1_0.id_prenotazione=r1_0.id_prenotazione join preventivo p2_0 on p2_0.id_preventivo=p1_0.id_preventivo join utente u1_0 on u1_0.id_utente=p2_0.id_utente limit ?
2026-08-26T09:14:07.448+02:00 TRACE 9624 --- [http-nio-8080-exec-1] org.hibernate.orm.jdbc.bind              : binding parameter (1:INTEGER) <- [5]
